[backblue.gif]
[fade.gif]
[index.html]
[www.redpsy.com/index.html]
[www.redpsy.com/red.ico]
[www.infopsy.com/red/bandeau/logo/a-dlogo.jpg]
[www.infopsy.com/red/barmauv.gif]
[infopsy.com/red/bandeau/transfertCDtu.jpg]
[www.infopsy.com/red/editions/defiatu.jpg]
[www.infopsy.com/red/editions/enferF16.jpg]
[www.infopsy.com/red/bandeau/PUISS1tu.jpg]
[www.infopsy.com/red/editions/emotionstu.jpg]
[www.infopsy.com/red/RAVA1t.jpg]
[www.infopsy.com/red/editions/autodtu.jpg]
[www.infopsy.com/red/RS2C.jpg]
[www.infopsy.com/red/editions/rs2tu.jpg]
[infopsy.com/red/editions/CDstress3a.jpg]
[infopsy.com/coffragants/coffragants12.gif]
[infopsy.com/red/editions/jal3a.jpg]
[infopsy.com/red/editions/vict3a.jpg]
[www.infopsy.com/red/editions/CDBURN2a.jpg]
[www.infopsy.com/red/editions/CDCONF2a.jpg]
[infopsy.com/pocketaudio/pkau3.gif]
[www.infopsy.com/red/editions/CDANG2a.jpg]
[www.infopsy.com/red/redlogoc.gif]
[www.redpsy.com/index-2.html]
[www.redpsy.com/sept2016/menured.css]
[infopsy.com/red/purp.jpg]
[www.infopsy.com/red/bandeau/logo/infpsylogo.jpg]
[www.infopsy.com/red/prbl.gif]
[www.redpsy.com/plan.html]
[www.redpsy.com/1mup.gif]
[infopsy.com/red/bandeau/logo/consulogo.jpg]
[www.redpsy.com/prbl.gif]
[infopsy.com/red/1mgauche.gif]
[www.redpsy.com/planred.html]
[www.redpsy.com/xaramenu.js]
[www.redpsy.com/red.js]
[www.google.com/logos/Logo_25wht.gif]
[www.infopsy.com/red/idee-ico.gif]
[www.redpsy.com/recherche.html]
[www.infopsy.com/red/bandeau/logo/redinclogo.jpg]
[www.infopsy.com/red/1mup.gif]
[infopsy.com/red/ml2001tu1.jpg]
[infopsy.com/red/jgtu.jpg]
[www.redpsy.com/red.html]
[www.infopsy.com/red/bandeau/logo/redediteur.jpg]
[www.redpsy.com/editions/transfert.html]
[www.infopsy.com/red/telephoniste.jpg]
[www.redpsy.com/copyright.html]
[www.infopsy.com/red/redlogosh.jpg]
[www.redpsy.com/google.html]
[www.redpsy.com/images/logosCC.jpg]
[www.redpsy.com/cc-livres.html]
[www.redpsy.com/p-livres.html]
[www.redpsy.com/cc-programme.html]
[www.redpsy.com/p-programme.html]
[www.infopsy.com/red/bandeau/logo/therlogo.jpg]
[www.redpsy.com/therapie.html]
[www.infopsy.com/red/bandeau/logo/courslogo.jpg]
[infopsy.com/red/editions/rsof1sh.jpg]
[infopsy.com/red/RS2Ctu.jpg]
[infopsy.com/red/essairs.jpg]
[www.redpsy.com/editions/sro.html]
[www.infopsy.com/red/bandeau/logo/conf_atelierlogo2.jpg]
[www.redpsy.com/conferencesat.html]
[infopsy.com/red/bandeau/logo/letpsylogo.jpg]
[www.redpsy.com/letpsy/index.html]
[pagead2.googlesyndication.com/pagead/f.txt]
[infopsy.com/red/extrait.gif]
[www.redpsy.com/infopsy/index.html]
[www.infopsy.com/red/bandeau/sentier1a.jpg]
[www.redpsy.com/infopsy/sentiers.html]
[www.infopsy.com/red/bandeau/logo/guidelogo.jpg]
[www.provirtuel.com/images/ipinrouge.gif]
[www.redpsy.com/guide/index.html]
[www.infopsy.com/red/bandeau/logo/coffrelogo.jpg]
[www.redpsy.com/barmauv.gif]
[www.redpsy.com/redlogoc.gif]
[www.redpsy.com/idee-ico.gif]
[www.redpsy.com/outils/index.html]
[www.infopsy.com/red/bandeau/logo/imaglogo.jpg]
[www.redpsy.com/images/index.html]
[infopsy.com/red/editions/redediteur.jpg]
[www.redpsy.com/editions/sr.html]
[www.redpsy.com/editions/favicon.ico]
[www.infopsy.com/red/commande_normal.jpg]
[infopsy.com/red/editions/enferF25.jpg]
[infopsy.com/red/RAVA1b.jpg]
[www.infopsy.com/red/bandeau/puissanceCDtu.jpg]
[www.infopsy.com/stanke/CD01/cdlet01.jpg]
[www.infopsy.com/red/editions/CDANG3a.jpg]
[www.infopsy.com/red/editions/CDCONF3a.jpg]
[infopsy.com/red/editions/CDBURN3a.jpg]
[infopsy.com/red/editions/CDstress3b.jpg]
[www.redpsy.com/editions/index.html]
[infopsy.com/red/bandeau/puissanceCD.jpg]
[www.redpsy.com/editions/puissance.html]
[www.redpsy.com/sept2016/grandlogo.jpg]
[www.redpsy.com/pro/index.html]
[www.infopsy.com/red/bandeau/logo/postraulogo.jpg]
[www.redpsy.com/figley.rtf]
[infopsy.com/red/papencil.gif]
[infopsy.com/red/figley.jpg]
[infopsy.com/red/stamm.jpg]
[www.redpsy.com/pro/stressec.html]
[infopsy.com/red/pad.jpg]
[www.redpsy.com/pro/pad.html]
[www.redpsy.com/editions/enfer.html]
[infopsy.com/red/editions/emotions.jpg]
[www.redpsy.com/editions/emotions.html]
[www.redpsy.com/editions/ravage.html]
[www.redpsy.com/editions/ad.html]
[infopsy.com/red/autodtu.jpg]
[www.infopsy.com/red/editions/CDstressA1.jpg]
[www.redpsy.com/editions/stress.html]
[www.infopsy.com/red/editions/jal.jpg]
[www.redpsy.com/editions/jalousie.html]
[www.infopsy.com/red/editions/victime.jpg]
[www.infopsy.com/red/editions/CDvictb.jpg]
[www.redpsy.com/editions/victime.html]
[www.infopsy.com/red/editions/CDBURN1a.jpg]
[www.infopsy.com/red/editions/CDBURN1b.jpg]
[www.redpsy.com/editions/burn.html]
[www.infopsy.com/red/editions/CDCONF1a.jpg]
[www.infopsy.com/red/editions/CDCONF1b.jpg]
[www.redpsy.com/editions/conf.html]
[infopsy.com/red/editions/CDANG1a.jpg]
[infopsy.com/red/editions/CDANG1b.jpg]
[www.redpsy.com/editions/anx.html]
[www.redpsy.com/index-3.html]
[www.infopsy.com/red/editions/rsof1.jpg]
[www.redpsy.com/temoigrs.html]
[www.redpsy.com/nouveau.html]
[infopsy.com/red/bandeau/logo/redservlogo.jpg]
[www.redpsy.com/calendrier.html]
[www.redpsy.com/pro/index-2.html]
[www.redpsy.com/infopsy/autodev.html]
[www.redpsy.com/infopsy/autodeveloppement.html]
[www.redpsy.com/livre.html]
[www.redpsy.com/infopsy/processus.html]
[www.redpsy.com/infopsy/noeuds.html]
[infopsy.com/red/ml2001.jpg]
[provirtuel.com/images/logofpsyq3.jpg]
[infopsy.com/red/OPQLOGOmini.gif]
[www.redpsy.com/mlarivey.html]
[infopsy.com/red/jg.jpg]
[infopsy.com/red/ahplogo.gif]
[infopsy.com/red/ismho98w.gif]
[www.redpsy.com/jgarneau.html]
[www.redpsy.com/formpro.html]
[www.infopsy.com/red/editions/defia.jpg]
[www.redpsy.com/editions/transfertb.html]
[www.redpsy.com/bandeau/logo/infpsylogo.jpg]
[www.redpsy.com/pagegarde.html]
[www.redpsy.com/sept2016/normal.css]
[www.redpsy.com/cc-securite.html]
[www.redpsy.com/infopsy/instrumentation.html]
[infopsy.com/red/srbg.jpg]
[infopsy.com/red/srbar.gif]
[www.redpsy.com/editions/srooutils.html]
[www.redpsy.com/rs-paiement.html]
[www.redpsy.com/rs01-paiement.html]
[infopsy.com/red/bandeau/letentete.gif]
[www.infopsy.com/red/bandeau/letseparation.gif]
[www.infopsy.com/red/letpsy/echo1.jpg]
[www.infopsy.com/red/letpsy/grossesse_attente.jpg]
[infopsy.com/red/FPotvin1.jpg]
[www.infopsy.com/red/editions/cd_stress_m1.jpg]
[www.infopsy.com/red/bandeau/letfooter7.gif]
[www.redpsy.com/letpsy/letpsy11-03.html]
[www.infopsy.com/red/letpsy/doigt.jpg]
[www.infopsy.com/red/letpsy/maman_bebe.jpg]
[www.infopsy.com/red/letpsy/pere_bebe.jpg]
[www.infopsy.com/red/bandeau/letfooter8.gif]
[www.redpsy.com/letpsy/letpsy12-02.html]
[infopsy.com/red/letpsy/difficult1.jpg]
[infopsy.com/red/letpsy/desert3.jpg]
[infopsy.com/red/letpsy/defi1.jpg]
[infopsy.com/red/letpsy/affronter1.jpg]
[www.redpsy.com/infopsy/affronter.html]
[www.redpsy.com/infopsy/satisfaction.html]
[www.redpsy.com/actpaiementcatp.html]
[www.redpsy.com/actpaiementcat.html]
[www.redpsy.com/letpsy/archives.html]
[www.redpsy.com/infopsy/redpsy.html]
[www.redpsy.com/infopsy/008000.html]
[www.redpsy.com/infopsy/affirmation1.html]
[www.redpsy.com/letpsy/index-2.html]
[infopsy.com/red/lignepoles.gif]
[www.redpsy.com/infopsy/emotions.html]
[www.redpsy.com/infopsy/depression.html]
[www.redpsy.com/infopsy/confiance.html]
[www.redpsy.com/infopsy/mieuxvivre.html]
[www.redpsy.com/infopsy/genremo.html]
[www.redpsy.com/infopsy/fidele.html]
[www.redpsy.com/infopsy/chemins.html]
[www.redpsy.com/infopsy/tabac.html]
[www.redpsy.com/infopsy/bonheur.html]
[www.redpsy.com/infopsy/agressivite.html]
[www.redpsy.com/letpsy/combat1.jpg]
[www.redpsy.com/letpsy/de9a.jpg]
[www.redpsy.com/letpsy/shotgun1.jpg]
[www.redpsy.com/letpsy/bullet1.jpg]
[www.redpsy.com/infopsy/colere.html]
[www.redpsy.com/infopsy/resolutions.html]
[www.redpsy.com/infopsy/enfant.html]
[www.redpsy.com/infopsy/dirigeant.html]
[www.redpsy.com/infopsy/mort.html]
[www.redpsy.com/infopsy/mort2.html]
[infopsy.com/red/letpsy/fmb8a.jpg]
[www.redpsy.com/infopsy/estime.html]
[infopsy.com/red/letpsy/arbust2.jpg]
[infopsy.com/red/letpsy/atr1a.jpg]
[www.redpsy.com/infopsy/estime2.html]
[infopsy.com/red/letpsy/resilient.jpg]
[infopsy.com/red/letpsy/911crop2.jpg]
[www.redpsy.com/infopsy/resilience.html]
[infopsy.com/red/letpsy/abandon.jpg]
[infopsy.com/red/letpsy/sentier03.jpg]
[infopsy.com/red/letpsy/frimas.jpg]
[www.redpsy.com/infopsy/resilience2.html]
[infopsy.com/red/letpsy/givre.jpg]
[infopsy.com/red/letpsy/subjectif.jpg]
[infopsy.com/red/letpsy/orientation.jpg]
[infopsy.com/red/letpsy/explorer.jpg]
[www.redpsy.com/infopsy/humaniste.html]
[infopsy.com/red/letpsy/decoder.jpg]
[infopsy.com/red/letpsy/PHARE6b.jpg]
[infopsy.com/red/letpsy/maslow01.jpg]
[www.redpsy.com/infopsy/besoins.html]
[www.redpsy.com/purp.jpg]
[infopsy.com/red/letpsy/permanence.jpg]
[infopsy.com/red/letpsy/collectif.jpg]
[infopsy.com/red/letpsy/sur le pont.gif]
[infopsy.com/red/letpsy/vital.jpg]
[www.redpsy.com/infopsy/besoins2.html]
[infopsy.com/red/letpsy/couplemenu1.jpg]
[infopsy.com/red/letpsy/equipe1.jpg]
[infopsy.com/red/letpsy/reaching1.jpg]
[infopsy.com/red/letpsy/ouvertement.jpg]
[www.redpsy.com/infopsy/besoins3.html]
[www.infopsy.com/red/letpsy/proj2a.jpg]
[www.infopsy.com/red/letpsy/flirt1b.jpg]
[www.infopsy.com/red/letpsy/flirt3a.jpg]
[www.infopsy.com/red/letpsy/flirt2a.jpg]
[www.infopsy.com/red/letpsy/father2A.jpg]
[www.infopsy.com/red/letpsy/17_G.highlight.jpg]
[www.infopsy.com/red/letpsy/pseudosexe.jpg]
[www.infopsy.com/red/letpsy/blamante2.jpg]
[www.redpsy.com/infopsy/identitesexuelle.html]
[www.infopsy.com/red/letpsy/refl1a.jpg]
[www.infopsy.com/red/letpsy/Tr2a.jpg]
[www.infopsy.com/red/letpsy/proj3.jpg]
[www.redpsy.com/infopsy/pastonpere.html]
[www.infopsy.com/red/letpsy/pointer.jpg]
[www.infopsy.com/red/letpsy/blamer.jpg]
[www.infopsy.com/red/letpsy/ado.gif]
[www.infopsy.com/red/letpsy/blamante.jpg]
[www.infopsy.com/red/letpsy/cconflit.jpg]
[www.redpsy.com/infopsy/conflit.html]
[www.infopsy.com/red/letpsy/combat32.jpg]
[infopsy.com/red/letpsy/combat-face2.jpg]
[infopsy.com/red/letpsy/fightc2.jpg]
[www.infopsy.com/red/letpsy/Coop02.jpg]
[www.infopsy.com/red/letpsy/coop03.jpg]
[www.infopsy.com/red/letpsy/combat01.jpg]
[www.infopsy.com/red/letpsy/combat02.jpg]
[www.infopsy.com/red/letpsy/destr01.jpg]
[www.infopsy.com/red/letpsy/destr02.jpg]
[www.infopsy.com/red/letpsy/destr03a.jpg]
[www.redpsy.com/infopsy/conflit2.html]
[www.infopsy.com/red/letpsy/fight75a.jpg]
[www.infopsy.com/red/letpsy/chien7.gif]
[www.infopsy.com/red/letpsy/Discuss33a.jpg]
[www.infopsy.com/red/letpsy/CHATEAU33a.jpg]
[www.infopsy.com/red/letpsy/projideal.gif]
[www.redpsy.com/infopsy/conflit3.html]
[www.infopsy.com/red/letpsy/Couple3a.jpg]
[www.infopsy.com/red/letpsy/iceb.jpg]
[www.redpsy.com/infopsy/changerconjoint.html]
[www.redpsy.com/infopsy/engagement.html]
[www.redpsy.com/infopsy/homoaffectivite.html]
[www.redpsy.com/infopsy/transfert.html]
[www.redpsy.com/infopsy/jalousie.html]
[www.redpsy.com/infopsy/amourcontact.html]
[www.redpsy.com/infopsy/couplevitalite.html]
[infopsy.com/red/letpsy/cadenass.jpg]
[infopsy.com/red/letpsy/rochefleur.jpg]
[www.redpsy.com/infopsy/couplevivant1.html]
[www.redpsy.com/infopsy/grandamour.html]
[www.redpsy.com/infopsy/inconditionnel.html]
[infopsy.com/red/letpsy/prison.jpg]
[infopsy.com/red/letpsy/infidele.jpg]
[infopsy.com/red/letpsy/coupleseulH.jpg]
[infopsy.com/red/letpsy/coupleseulV.jpg]
[www.redpsy.com/infopsy/fidelite.html]
[www.redpsy.com/infopsy/autonomie.html]
[www.redpsy.com/infopsy/dependance.html]
[www.redpsy.com/infopsy/dependance2.html]
[www.redpsy.com/infopsy/dependance3.html]
[www.redpsy.com/infopsy/chicane.html]
[www.redpsy.com/infopsy/deuil.html]
[infopsy.com/red/letpsy/persev3.jpg]
[www.redpsy.com/infopsy/deuil2.html]
[www.redpsy.com/infopsy/separe.html]
[www.redpsy.com/infopsy/noeuds2.html]
[www.infopsy.com/red/letpsy/dent.jpg]
[www.infopsy.com/red/letpsy/reaching.jpg]
[www.infopsy.com/red/letpsy/father2.jpg]
[www.infopsy.com/red/letpsy/perefils.jpg]
[www.redpsy.com/infopsy/transfertjoie.html]
[www.redpsy.com/infopsy/noeuds3.html]
[www.redpsy.com/infopsy/liberte.html]
[www.redpsy.com/infopsy/webrelations.html]
[www.redpsy.com/infopsy/emotravail1.html]
[www.redpsy.com/infopsy/emotravail2.html]
[www.redpsy.com/infopsy/emotravail3.html]
[www.redpsy.com/infopsy/expression.html]
[www.redpsy.com/infopsy/negocier.html]
[www.redpsy.com/infopsy/competition.html]
[www.redpsy.com/infopsy/competition2.html]
[www.redpsy.com/infopsy/competition3.html]
[infopsy.com/red/letpsy/fenetre2a.jpg]
[infopsy.com/red/letpsy/fenetre1a.jpg]
[infopsy.com/red/letpsy/portea.jpg]
[infopsy.com/red/letpsy/lonsome.jpg]
[infopsy.com/red/letpsy/solitude01a.jpg]
[infopsy.com/red/letpsy/cruches2a.jpg]
[www.redpsy.com/infopsy/victime.html]
[infopsy.com/red/letpsy/deprime.jpg]
[fr.canoe.ca/ArtdevivreSocieteImages/mai25_alcolo_b.2ff.delayed]
[infopsy.com/red/letpsy/Silencesm.jpg]
[www.redpsy.com/infopsy/alcoolisme.html]
[www.infopsy.com/red/letpsy/coupleneige.jpg]
[www.infopsy.com/red/letpsy/complicite.jpg]
[www.infopsy.com/red/letpsy/couples2.jpg]
[www.infopsy.com/red/letpsy/couplebizz.jpg]
[www.infopsy.com/red/letpsy/ensemble.jpg]
[www.infopsy.com/red/letpsy/sourman.jpg]
[www.infopsy.com/red/letpsy/coupdefoudre.jpg]
[www.redpsy.com/infopsy/coupleheureux.html]
[www.redpsy.com/infopsy/exercice.html]
[www.redpsy.com/infopsy/vieillir.html]
[www.redpsy.com/favicon.ico]
[www.redpsy.com/infopsy/burnout.html]
[www.infopsy.com/red/letpsy/wirelessclass.jpg]
[www.infopsy.com/red/letpsy/multitasking.jpg]
[www.infopsy.com/red/letpsy/Infohighway.gif]
[www.infopsy.com/red/letpsy/multitaches.gif]
[www.redpsy.com/infopsy/compulsif.html]
[www.redpsy.com/infopsy/cyberdependance2.html]
[www.redpsy.com/infopsy/cyberdependance.html]
[www.redpsy.com/infopsy/cyberdependance-a.html]
[www.redpsy.com/infopsy/anxiete.html]
[www.redpsy.com/infopsy/phobie.html]
[www.redpsy.com/infopsy/stress.html]
[www.redpsy.com/infopsy/migraine.html]
[www.redpsy.com/infopsy/insomnie.html]
[www.redpsy.com/infopsy/verglas.html]
[infopsy.com/red/letpsy/IVRESSES25D.jpg]
[infopsy.com/red/letpsy/barrage2.jpg]
[www.redpsy.com/infopsy/ivresse.html]
[www.redpsy.com/infopsy/logo.jpg]
[www.redpsy.com/infopsy/20ans.pdf]
[www.redpsy.com/infopsy/20ans.html]
[www.redpsy.com/infopsy/vivant.html]
[www.redpsy.com/avertis.html]
[www.infopsy.com/red/letpsy/tetevirtuelle2.jpg]
[www.infopsy.com/red/letpsy/sentier-pont2.jpg]
[www.redpsy.com/infopsy/etherapie1.html]
[infopsy.com/red/letpsy/directions.jpg]
[infopsy.com/red/letpsy/centration.jpg]
[www.infopsy.com/expimg/explogo.jpg]
[www.redpsy.com/infopsy/etherapie2.html]
[www.infopsy.com/red/letpsy/choice.jpg]
[www.infopsy.com/red/letpsy/nails2.jpg]
[www.infopsy.com/red/letpsy/psy2.jpg]
[www.redpsy.com/infopsy/choixpsy.html]
[www.redpsy.com/letpsy/gvanhoutte.html]
[www.redpsy.com/letpsy/laplante.html]
[www.redpsy.com/infopsy/20 ans.html]
[www.redpsy.com/infopsy/index-2.html]
[www.redpsy.com/outils/soi.html]
[www.redpsy.com/outils/respiration.html]
[www.redpsy.com/outils/sensations.html]
[www.redpsy.com/outils/image.html]
[www.redpsy.com/outils/communication.html]
[www.redpsy.com/guide/peur.html]
[www.redpsy.com/guide/angoisse.html]
[www.redpsy.com/guide/anxiete.html]
[www.redpsy.com/guide/panique.html]
[www.redpsy.com/guide/febrilite.html]
[www.redpsy.com/images/noeudaigle.html]
[www.redpsy.com/images/etau.html]
[www.redpsy.com/images/degager.html]
[www.redpsy.com/images/loup.html]
[www.redpsy.com/images/murs.html]
[www.redpsy.com/images/chavirement.html]
[www.infopsy.com/red/bandeau/logo/atelierlogo.jpg]
[www.redpsy.com/ateliers.html]
[www.redpsy.com/outils/jonathan.html]
[www.redpsy.com/outils/sourcevive.html]
[infopsy.com/red/letpsy/pimbina2.jpg]
[www.redpsy.com/images/boutsang.html]
[www.redpsy.com/pro/tuc.html]
[www.redpsy.com/engarde.html]
[www.redpsy.com/guide/simple.html]
[www.redpsy.com/guide/mixte.html]
[www.redpsy.com/guide/repoussee.html]
[www.redpsy.com/guide/pseudo.html]
[www.redpsy.com/guide/abandon.html]
[www.redpsy.com/guide/haine.html]
[www.redpsy.com/guide/admiration.html]
[www.redpsy.com/guide/amour.html]
[www.redpsy.com/guide/agitation.html]
[www.redpsy.com/guide/plaisir.html]
[www.redpsy.com/guide/colere.html]
[www.redpsy.com/guide/ambivalence.html]
[www.redpsy.com/guide/amertume.html]
[www.redpsy.com/guide/attendrissement.html]
[www.redpsy.com/guide/begaiement.html]
[www.redpsy.com/guide/blesse.html]
[www.redpsy.com/guide/fige.html]
[www.redpsy.com/guide/boule.html]
[www.redpsy.com/guide/tristesse.html]
[www.redpsy.com/guide/compassion.html]
[www.redpsy.com/guide/confusion.html]
[www.redpsy.com/guide/contentement.html]
[www.redpsy.com/guide/culpabilite.html]
[www.redpsy.com/guide/deception.html]
[www.redpsy.com/guide/decouragement.html]
[www.redpsy.com/guide/degout.html]
[www.redpsy.com/guide/deprime.html]
[www.redpsy.com/guide/desespoir.html]
[www.redpsy.com/guide/desir.html]
[www.redpsy.com/guide/ennui.html]
[www.redpsy.com/guide/distant.html]
[www.redpsy.com/guide/rejet.html]
[www.redpsy.com/guide/ecoeurement.html]
[www.redpsy.com/guide/embarras.html]
[www.redpsy.com/guide/emprisonne.html]
[www.redpsy.com/guide/rage.html]
[www.redpsy.com/guide/envie.html]
[www.redpsy.com/guide/estime.html]
[www.redpsy.com/guide/evanouissement.html]
[www.redpsy.com/guide/fatigue.html]
[www.redpsy.com/guide/fierte.html]
[www.redpsy.com/guide/frustration.html]
[www.redpsy.com/guide/gene.html]
[www.redpsy.com/guide/reconnaissance.html]
[www.redpsy.com/guide/honte.html]
[www.redpsy.com/guide/hostilite.html]
[www.redpsy.com/guide/humiliation.html]
[www.redpsy.com/guide/impatience.html]
[www.redpsy.com/guide/impuissance.html]
[www.redpsy.com/guide/indifference.html]
[www.redpsy.com/guide/inquietude.html]
[www.redpsy.com/guide/timide.html]
[www.redpsy.com/guide/jalousie-amour.html]
[www.redpsy.com/guide/jalousie.html]
[www.redpsy.com/guide/malaise.html]
[www.redpsy.com/guide/cephalee.html]
[www.redpsy.com/guide/manipulation.html]
[www.redpsy.com/guide/migraine.html]
[www.redpsy.com/guide/mepris.html]
[www.redpsy.com/guide/nausee.html]
[www.redpsy.com/guide/nervosite.html]
[www.redpsy.com/guide/nostalgie.html]
[www.redpsy.com/guide/paresse.html]
[www.redpsy.com/guide/pitie.html]
[www.redpsy.com/guide/rancune.html]
[www.redpsy.com/guide/regret.html]
[www.redpsy.com/guide/ressentiment.html]
[www.redpsy.com/guide/revolte.html]
[www.redpsy.com/guide/rougissement.html]
[www.redpsy.com/guide/solitude.html]
[www.redpsy.com/guide/stress.html]
[www.redpsy.com/guide/tension.html]
[www.redpsy.com/guide/tics.html]
[www.redpsy.com/guide/trahison.html]
[www.redpsy.com/guide/transpiration.html]
[www.redpsy.com/guide/tremblement.html]
[www.redpsy.com/guide/vide.html]
[www.redpsy.com/guide/violence.html]
[www.redpsy.com/guide/008000.html]
[www.redpsy.com/outils/008000.html]
[www.redpsy.com/outils/couple.html]
[www.redpsy.com/outils/reflexion.html]
[www.redpsy.com/bandeau/logo/imaglogo.jpg]
[infopsy.com/red/letpsy/mur3a.jpg]
[www.redpsy.com/images/mur.html]
[infopsy.com/red/bandeau/logo/babinfo.jpg]
[www.redpsy.com/babillard.html]
[www.redpsy.com/images/acctravail.html]
[www.redpsy.com/images/extraire.html]
[www.redpsy.com/images/envolee.html]
[www.redpsy.com/images/humaniste.html]
[www.redpsy.com/images/aphrodite.html]
[www.redpsy.com/images/chef.html]
[www.redpsy.com/images/arrimes.html]
[www.redpsy.com/images/coeurauque.html]
[www.redpsy.com/images/peres.html]
[www.redpsy.com/images/maree.html]
[www.redpsy.com/images/mules.html]
[www.redpsy.com/images/artichaut.html]
[www.redpsy.com/images/malautre.html]
[www.redpsy.com/images/otage.html]
[www.redpsy.com/images/paradis.html]
[www.redpsy.com/images/lacs.html]
[www.redpsy.com/images/abattage.html]
[www.redpsy.com/images/sansvoix.html]
[www.redpsy.com/images/amours.html]
[www.redpsy.com/images/labyrinthe.html]
[www.redpsy.com/images/coupure.html]
[www.redpsy.com/images/deuil.html]
[www.redpsy.com/images/delivrance.html]
[www.redpsy.com/images/refroidissement.html]
[www.redpsy.com/images/deuil2.html]
[www.redpsy.com/images/perle.html]
[www.redpsy.com/images/miettes.html]
[www.redpsy.com/images/ecale.html]
[www.redpsy.com/images/furies.html]
[www.redpsy.com/images/ARRACHE.rm]
[www.redpsy.com/images/ARRACHE.ram]
[infopsy.com/red/son.gif]
[infopsy.com/red/realaudio.gif]
[www.redpsy.com/images/arrache.html]
[www.redpsy.com/images/lasse.html]
[www.redpsy.com/images/ouvert.html]
[www.redpsy.com/images/loup2.html]
[www.redpsy.com/images/loup3.html]
[www.redpsy.com/images/jalousie.html]
[www.redpsy.com/images/hommefroid.html]
[www.infopsy.com/red/bandeau/rosegivr1.jpg]
[www.infopsy.com/red/bandeau/rosegivre.jpg]
[www.redpsy.com/images/hommefroid2.html]
[www.redpsy.com/images/mirageamour.html]
[www.redpsy.com/images/besoinmuet.html]
[www.redpsy.com/images/fauve.html]
[www.redpsy.com/images/avoine.html]
[www.redpsy.com/images/timoree.html]
[www.redpsy.com/images/envers.html]
[infopsy.com/red/letpsy/coeur1a.jpg]
[infopsy.com/red/letpsy/coeur3a.jpg]
[www.redpsy.com/images/coeur.html]
[www.infopsy.com/red/letpsy/surf33.jpg]
[www.redpsy.com/images/desespoir.html]
[www.infopsy.com/red/letpsy/DessinN50.jpg]
[www.infopsy.com/red/letpsy/DECHIRE30.jpg]
[www.redpsy.com/mailn.gif]
[www.redpsy.com/images/victime.html]
[www.redpsy.com/images/kevin.html]
[www.redpsy.com/images/errance.html]
[www.redpsy.com/images/divan.html]
[www.redpsy.com/images/marcherons.html]
[www.redpsy.com/images/assume.html]
[www.infopsy.com/red/letpsy/fragile.jpg]
[www.infopsy.com/red/letpsy/reve.jpg]
[www.redpsy.com/images/fragilite.html]
[www.infopsy.com/red/bandeau/sr.jpg]
[www.redpsy.com/editions/srchoisir.html]
[infopsy.com/red/editions/emotionsgr.jpg]
[www.redpsy.com/editions/emotionsb.html]
[www.infopsy.com/red/bandeau/PUISS1.jpg]
[www.redpsy.com/editions/puissanceb.html]
[www.redpsy.com/editions/ADVERSOb.jpg]
[infopsy.com/red/editions/autoda.jpg]
[www.redpsy.com/editions/ad2002a.html]
[www.redpsy.com/pad.html]
[infopsy.com/red/editions/enferF75.jpg]
[www.redpsy.com/editions/enferb.html]
[www.redpsy.com/editions/_blnk.gif]
[www.redpsy.com/editions/img0.gif]
[infopsy.com/red/editions/img1.jpg]
[www.redpsy.com/editions/enferDos.html]
[www.redpsy.com/RAVA2b.jpg]
[www.redpsy.com/editions/ravage1b.html]
[www.redpsy.com/images/index-2.html]
[www.redpsy.com/editions/008000.html]
[www.redpsy.com/infopsy/abus1.html]
[www.redpsy.com/infopsy/abus3.html]
[www.redpsy.com/infopsy/abus2.html]
[www.redpsy.com/infopsy/avenirsite.html]
[www.redpsy.com/infopsy/jalousie-qr.html]
[infopsy.com/red/letpsy/croisiere.gif]
[www.redpsy.com/infopsy/besoins-qr.html]
[www.redpsy.com/infopsy/humaniste-qr.html]
[www.redpsy.com/infopsy/resilience-qr.html]
[infopsy.com/red/letpsy/multitask.jpg]
[infopsy.com/red/letpsy/girouette.jpg]
[infopsy.com/red/letpsy/jeu.jpg]
[www.redpsy.com/infopsy/cyberdependance-qr.html]
[www.redpsy.com/infopsy/genremo-qr.html]
[www.infopsy.com/red/letpsy/recreation.jpg]
[www.redpsy.com/infopsy/identitesexuelle-qr.html]
[www.redpsy.com/infopsy/victime-qr.html]
[www.redpsy.com/infopsy/conflit-qr.html]
[www.redpsy.com/infopsy/conflit2-qr.html]
[www.redpsy.com/infopsy/pastonpere-qr.html]
[infopsy.com/red/letpsy/cailloux.jpg]
[www.redpsy.com/images/os.html]
[www.redpsy.com/letpsy/cumulatif2003.html]
[www.redpsy.com/nouveau03.html]
[www.redpsy.com/nouveau02.html]
[www.redpsy.com/nouveau01.html]
[www.redpsy.com/nouveau00.html]
[www.redpsy.com/nouveau99.html]
[www.redpsy.com/nouveau98.html]
[www.redpsy.com/editions/float_dots.gif]
[www.redpsy.com/bandeau/logo/courslogo.jpg]
[www.redpsy.com/bandeau/bientot.jpg]
[www.redpsy.com/editions/exo.html]
[www.redpsy.com/infopsy/autodeveloppement-qr.html]
[www.redpsy.com/infopsy/processus-qr.html]
[www.redpsy.com/infopsy/noeuds-qr.html]
[www.infopsy.com/red/bandeau/logo/redsesslogo.jpg]
[www.redpsy.com/sessions.html]
[infopsy.com/red/ml01.jpg]
[infopsy.com/red/ml02.jpg]
[infopsy.com/red/ml03.jpg]
[infopsy.com/red/ml04.jpg]
[infopsy.com/red/ml05.jpg]
[infopsy.com/red/ml06.jpg]
[infopsy.com/red/ml07.jpg]
[infopsy.com/red/ml08.jpg]
[infopsy.com/red/ml09.jpg]
[infopsy.com/red/ml10.jpg]
[infopsy.com/red/ml11.jpg]
[infopsy.com/red/ml12.jpg]
[infopsy.com/red/ml13.jpg]
[infopsy.com/red/ml14.jpg]
[infopsy.com/red/editions/RAVA1c.jpg]
[infopsy.com/red/editions/PUISS1c.jpg]
[infopsy.com/red/editions/defia3.jpg]
[infopsy.com/red/editions/CDangA3.jpg]
[infopsy.com/red/editions/victime3.jpg]
[infopsy.com/red/editions/jal3.jpg]
[www.redpsy.com/tml.html]
[www.redpsy.com/editions/redediteur.jpg]
[www.redpsy.com/editions/ex.html]
[www.redpsy.com/jgopq.html]
[redpsy.com/jg_180.html]
[www.infopsy.com/red/bandeau/logo/formlogo.jpg]
[www.redpsy.com/pro/formation.html]
[www.infopsy.com/red/editions/defib.jpg]
[www.redpsy.com/editions/transfertc.html]
[www.redpsy.com/www.redpsy.com/engarde.html]
[www.redpsy.com/www.redpsy.com/letpsy/letpsy11-02.html]
[www.redpsy.com/letpsy/annuler.html]
[www.infopsy.com/red/bandeau/htm.jpg]
[www.infopsy.com/red/bandeau/txt.jpg]
[www.redpsy.com/letpsy/changement.html]
[www.redpsy.com/infopsy/attendre.html]
[www.redpsy.com/www.redpsy.com/letpsy/letpsy12-01.html]
[www.redpsy.com/www.redpsy.com/infopsy/affirmation1.html]
[www.redpsy.com/outils/expressif.html]
[www.redpsy.com/infopsy/affronter-qr.html]
[infopsy.com/red/letpsy/sysD1.jpg]
[www.redpsy.com/infopsy/satisfaction-qr.html]
[www.redpsy.com/letpsy/cumulatif.html]
[www.redpsy.com/editions/enferF25.jpg]
[www.infopsy.com/red/bandeau/letfooter.gif]
[www.redpsy.com/letpsy/cumulatif2002.html]
[www.redpsy.com/outils/index-2.html]
[www.redpsy.com/guide/index-2.html]
[www.infopsy.com/red/letpsy/02168.jpg]
[www.infopsy.com/red/letpsy/p0318222a.jpg]
[www.infopsy.com/red/letpsy/2105.gif]
[www.redpsy.com/infopsy/dangers.html]
[www.redpsy.com/infopsy/transfertjoie-qr.html]
[www.redpsy.com/infopsy/transfert-qr.html]
[infopsy.com/red/letpsy/enfant-rat.jpg]
[www.redpsy.com/infopsy/chicane-qr.html]
[www.redpsy.com/infopsy/choixpsy-qr.html]
[www.redpsy.com/infopsy/couplevitalite-qr.html]
[infopsy.com/red/letpsy/docum.jpg]
[infopsy.com/red/letpsy/mdepasse.jpg]
[infopsy.com/red/letpsy/cryptage.gif]
[www.redpsy.com/infopsy/etherapie1-qr.html]
[www.redpsy.com/bandeau/logo/letpsylogo.jpg]
[www.redpsy.com/bandeau/logo/redediteur.jpg]
[www.redpsy.com/editions/ad2002a.jpg]
[www.redpsy.com/bandeau/PUISS1tu.jpg]
[www.redpsy.com/editions/enfer120.jpg]
[www.redpsy.com/bandeau/sentier1a.jpg]
[www.redpsy.com/bandeau/AG00396_.gif]
[www.redpsy.com/bandeau/AG00390_.gif]
[www.redpsy.com/infopsy/fin0212.html]
[infopsy.com/red/letpsy/masque01.jpg]
[infopsy.com/red/letpsy/vaguerocher01.jpg]
[infopsy.com/red/letpsy/attente.jpg]
[www.redpsy.com/infopsy/engagement-qr.html]
[www.redpsy.com/infopsy/couplevivant1-qr.html]
[www.redpsy.com/outils/jalousie.html]
[infopsy.com/red/letpsy/workaholic2.jpg]
[infopsy.com/red/letpsy/StarrynightVG.jpg]
[infopsy.com/red/letpsy/monnaie2.jpg]
[www.redpsy.com/infopsy/ivresse-qr.html]
[infopsy.com/red/letpsy/apprendre.jpg]
[www.redpsy.com/infopsy/emotions-qr.html]
[infopsy.com/red/letpsy/soccer-crush.jpg]
[www.redpsy.com/infopsy/fin0206.html]
[infopsy.com/red/letpsy/Fight2.jpg]
[www.redpsy.com/infopsy/estime2-qr.html]
[www.redpsy.com/infopsy/burnout-qr.html]
[www.redpsy.com/infopsy/estime-qr.html]
[www.redpsy.com/infopsy/expression-qr.html]
[www.redpsy.com/infopsy/confiance-qr.html]
[www.redpsy.com/infopsy/deuil-qr.html]
[www.redpsy.com/infopsy/dependance3-qr.html]
[www.redpsy.com/infopsy/stress-qr.html]
[www.redpsy.com/infopsy/depression-qr.html]
[www.redpsy.com/infopsy/fin0201.html]
[www.redpsy.com/infopsy/fin0111.html]
[www.redpsy.com/infopsy/fin0110.html]
[www.redpsy.com/infopsy/fin0109.html]
[www.redpsy.com/infopsy/fin0108.html]
[www.redpsy.com/outils/diagnostic.html]
[www.redpsy.com/infopsy/fin0504.html]
[www.redpsy.com/infopsy/fin0503.html]
[www.redpsy.com/infopsy/fin0502.html]
[www.redpsy.com/infopsy/fin0501.html]
[www.redpsy.com/outils/roman-transfert.html]
[www.redpsy.com/pro/recherchons.html]
[www.redpsy.com/outils/querelle1.html]
[www.redpsy.com/outils/stvalentin.html]
[www.redpsy.com/infopsy/discutons.html]
[www.redpsy.com/outils/resolutions.html]
[www.redpsy.com/outils/famille.html]
[www.redpsy.com/infopsy/y2k.html]
[www.redpsy.com/outils/pensees.html]
[www.redpsy.com/infopsy/otage.html]
[www.redpsy.com/outils/genie.html]
[www.redpsy.com/outils/commesi.html]
[www.redpsy.com/outils/alchimiste.html]
[www.redpsy.com/outils/solitude.html]
[www.redpsy.com/guide/confus-evitement.html]
[www.redpsy.com/guide/confus-creatrice.html]
[www.redpsy.com/outils/film-noeuds.html]
[www.redpsy.com/outils/prince.html]
[www.redpsy.com/guide/culpa-camouflage.html]
[www.redpsy.com/outils/relmfpf.html]
[www.redpsy.com/guide/culpa-saine.html]
[www.redpsy.com/outils/chevaux.html]
[www.redpsy.com/poemes.html]
[www.redpsy.com/outils/sexualite2.html]
[www.redpsy.com/outils/philo.html]
[www.redpsy.com/outils/nosamours.html]
[www.redpsy.com/outils/libre.html]
[www.redpsy.com/outils/mere-fille.html]
[www.redpsy.com/outils/sexualite1.html]
[www.redpsy.com/outils/maman.html]
[infopsy.com/red/karene2.jpg]
[infopsy.com/red/katia1.jpg]
[www.redpsy.com/letpsy/letpsy12-01.html]
[www.redpsy.com/publicat.html]
[www.redpsy.com/infopsy/fidele-qr.html]
[www.redpsy.com/infopsy/agressivite-qr.html]
[www.infopsy.com/red/letpsy/Fight3.jpg]
[www.infopsy.com/red/letpsy/baillon1.jpg]
[www.infopsy.com/red/letpsy/pow01.jpg]
[www.infopsy.com/red/letpsy/combat3a.jpg]
[www.redpsy.com/infopsy/colere-qr.html]
[www.redpsy.com/infopsy/noeuds3-qr.html]
[www.redpsy.com/infopsy/enfant-qr.html]
[www.redpsy.com/infopsy/dirigeant-qr.html]
[www.redpsy.com/infopsy/mort-qr.html]
[www.redpsy.com/infopsy/mort2-qr.html]
[www.redpsy.com/infopsy/fidelex.html]
[www.redpsy.com/infopsy/$article-qr.html]
[www.redpsy.com/infopsy/beso-qr.html]
[www.redpsy.com/gestion.html]
[www.redpsy.com/infopsy/conflit3-qr.html]
[infopsy.com/red/letpsy/couplebebe.jpg]
[www.redpsy.com/infopsy/changerconjoint-qr.html]
[www.redpsy.com/infopsy/homoaffectivite-qr.html]
[www.redpsy.com/infopsy/$-qr.html]
[www.redpsy.com/infopsy/amourcontact-qr.html]
[infopsy.com/red/chklst.gif]
[www.redpsy.com/outils/raviver.html]
[www.redpsy.com/infopsy/grandamour-qr.html]
[www.redpsy.com/infopsy/inconditionnel-qr.html]
[www.redpsy.com/infopsy/fidelite-qr.html]
[www.redpsy.com/infopsy/autonomie-qr.html]
[www.redpsy.com/infopsy/dependance-qr.html]
[www.redpsy.com/infopsy/dependance2-qr.html]
[www.redpsy.com/outils/querelle2.html]
[www.redpsy.com/infopsy/separe-qr.html]
[www.redpsy.com/infopsy/noeuds2-qr.html]
[www.redpsy.com/infopsy/liberte-qr.html]
[www.redpsy.com/infopsy/webrelations-qr.html]
[www.redpsy.com/infopsy/emotravail1-qr.html]
[www.redpsy.com/infopsy/emotravail2-qr.html]
[www.redpsy.com/infopsy/emotravail3-qr.html]
[www.redpsy.com/infopsy/negocier-qr.html]
[www.redpsy.com/infopsy/competition-qr.html]
[www.redpsy.com/infopsy/competition2-qr.html]
[www.redpsy.com/infopsy/competition3-qr.html]
[www.redpsy.com/infopsy/alcoolisme-qr.html]
[fr.canoe.ca/ArtdevivreSocieteImages/mai25_alcolo_b.html]
[danart.free.fr/femmivr.html]
[www.redpsy.com/editions/derives.html]
[www.redpsy.com/infopsy/coupleheureux-qr.html]
[www.redpsy.com/infopsy/vieillir-qr.html]
[www.infopsy.com/red/letpsy/couplebeer.jpg]
[www.redpsy.com/infopsy/compulsif-qr.html]
[www.redpsy.com/infopsy/cyberdependance2-qr.html]
[www.redpsy.com/infopsy/anxiete-qr.html]
[www.redpsy.com/infopsy/phobie-qr.html]
[www.redpsy.com/infopsy/migraine-qr.html]
[www.redpsy.com/infopsy/insomnie-qr.html]
[www.redpsy.com/bout1.gif]
[www.redpsy.com/bout2.gif]
[www.redpsy.com/bout3.gif]
[www.redpsy.com/trauma.html]
[www.redpsy.com/stressec.html]
[cws.internet.com/img/netscon.gif]
[cws.internet.com/img/ie.gif]
[cws.internet.com/img/pegasus.gif]
[www.redpsy.com/confidentiel.html]
[www.infopsy.com/red/bandeau/logo/virtulogo.jpg]
[www.redpsy.com/virtuel/question.html]
[www.redpsy.com/infopsy/etherapie-qr.html]
[www.redpsy.com/infopsy/etherapie2-qr.html]
[www.redpsy.com/outils/fouillis1.html]
[www.redpsy.com/outils/gerestress.html]
[www.redpsy.com/outils/reaction.html]
[www.redpsy.com/outils/merci.html]
[www.redpsy.com/outils/fetes.html]
[www.redpsy.com/actpaiementp.html]
[www.redpsy.com/actpaiement.html]
[www.redpsy.com/sessions-ok.html]
[www.redpsy.com/guide/$URL-TYPE.html]
[www.redpsy.com/images/paradis1.html]
[www.redpsy.com/images/paradis2.html]
[www.redpsy.com/images/paradis3.html]
[www.redpsy.com/images/paradis4.html]
[www.redpsy.com/images/paradis5.html]
[www.redpsy.com/images/ARRACHE.ram]
[www.redpsy.com/editions/index-2.html]
[www.infopsy.com/red/bandeau/PUISS4.jpg]
[www.redpsy.com/editions/puissancec.html]
[infopsy.com/red/karene1.jpg]
[infopsy.com/red/gaetane1.jpg]
[infopsy.com/red/francine1.jpg]
[www.infopsy.com/red/bandeau/letfooter6.gif]
[www.redpsy.com/letpsy/letpsy10-01.html]
[www.redpsy.com/pro/processus.html]
[www.redpsy.com/infopsy/$URL_ARTICLE.html]
[www.redpsy.com/infopsy/joietransfert-qr.html]
[www.redpsy.com/infopsy/joietransfert.html]
[www.redpsy.com/euro2002.html]
[infopsy.com/red/commande_over.jpg]
[infopsy.com/red/commande_down.jpg]
[www.redpsy.com/editions/librairies.html]
[www.redpsy.com/outils/semailles.html]
[www.redpsy.com/virtuel/questions.html]
[www.redpsy.com/servpro.html]
[www.redpsy.com/infopsy/.html]
[www.redpsy.com/sessionsgroupead.html]
[www.redpsy.com/letpsy/letpsy606c.html]
[infopsy.com/red/letpsy/lindberg1.jpg]
[www.redpsy.com/letpsy/letpsy6-06c.html]
[www.infopsy.com/red/bandeau/logo/redformlogo.jpg]
[infopsy.com/red/psypad.jpg]
[www.redpsy.com/pro/guide.html]
[www.redpsy.com/p602b.html]
[www.redpsy.com/infopsy/confidentiel.html]
[www.redpsy.com/confid.html]
[www.redpsy.com/coffre/index.html]
[www.redpsy.com/vie/index.html]
[www.redpsy.com/outils/solution.html]
[www.redpsy.com/letpsy/sond9812.html]
[www.redpsy.com/letpsy/groupes.html]
[infopsy.com/red/bandeau/essence2.gif]
[www.redpsy.com/letpsy/letpsy10-04.html]
[www.redpsy.com/outils/couplea.html]
[www.redpsy.com/outils/coupleb.html]
[www.redpsy.com/outils/couplec.html]
[www.redpsy.com/infopsy/Compulsif-2.html]
[www.redpsy.com/outils/stress.html]
[www.redpsy.com/outils/test-stress.html]
[www.redpsy.com/outils/idee-ico.html]
[www.redpsy.com/pro/paiementp.pdf]
[www.redpsy.com/pro/paiementp.html]
[www.redpsy.com/pro/paiement.html]
[www.redpsy.com/europaiement.html]
[www.redpsy.com/editions/lib/index.html]
[www.redpsy.com/editions/part/index.html]
[www.redpsy.com/editions/lib/index-2.html]
[www.redpsy.com/cc-canada.html]
[www.redpsy.com/cc-padusa.html]
[www.redpsy.com/cc-padeuro.html]
[www.redpsy.com/publicda.html]
[www.redpsy.com/padusa.html]
[www.redpsy.com/padeuro.html]
[www.redpsy.com/pro/dependanceaffective.html]
[www.redpsy.com/pro/transfert.html]
[www.redpsy.com/infopsy/dependance3html.html]
